[cloudera@quickstart ~]$ cat > Empinfo
100	mike	5000
101	john    10000
102	henry	15000
103	smith	20000
[cloudera@quickstart ~]$ cat > studentinfo
10	Albert	48
11	Bevin	64
12	Charles	95
13	David	72
14	Elliot	56
[cloudera@quickstart ~]$ hive

Logging initialized using configuration in file:/etc/hive/conf.dist/hive-log4j.properties
verWARNING: Hive CLI is deprecated and migration to Beeline is recommended.
hive> version
    > ;
NoViableAltException(26@[])
	at org.apache.hadoop.hive.ql.parse.HiveParser.statement(HiveParser.java:1028)
	at org.apache.hadoop.hive.ql.parse.ParseDriver.parse(ParseDriver.java:201)
	at org.apache.hadoop.hive.ql.parse.ParseDriver.parse(ParseDriver.java:166)
	at org.apache.hadoop.hive.ql.Driver.compile(Driver.java:522)
	at org.apache.hadoop.hive.ql.Driver.compileInternal(Driver.java:1356)
	at org.apache.hadoop.hive.ql.Driver.runInternal(Driver.java:1473)
	at org.apache.hadoop.hive.ql.Driver.run(Driver.java:1285)
	at org.apache.hadoop.hive.ql.Driver.run(Driver.java:1275)
	at org.apache.hadoop.hive.cli.CliDriver.processLocalCmd(CliDriver.java:220)
	at org.apache.hadoop.hive.cli.CliDriver.processCmd(CliDriver.java:172)
	at org.apache.hadoop.hive.cli.CliDriver.processLine(CliDriver.java:383)
	at org.apache.hadoop.hive.cli.CliDriver.executeDriver(CliDriver.java:775)
	at org.apache.hadoop.hive.cli.CliDriver.run(CliDriver.java:693)
	at org.apache.hadoop.hive.cli.CliDriver.main(CliDriver.java:628)
	at sun.reflect.NativeMethodAccessorImpl.invoke0(Native Method)
	at sun.reflect.NativeMethodAccessorImpl.invoke(NativeMethodAccessorImpl.java:57)
	at sun.reflect.DelegatingMethodAccessorImpl.invoke(DelegatingMethodAccessorImpl.java:43)
	at java.lang.reflect.Method.invoke(Method.java:606)
	at org.apache.hadoop.util.RunJar.run(RunJar.java:221)
	at org.apache.hadoop.util.RunJar.main(RunJar.java:136)
FAILED: ParseException line 1:0 cannot recognize input near 'version' '<EOF>' '<EOF>'
hive> create table emp(empid int,empname string,empsal float)
    > row format delimited
    > fields terminated by '\t';
OK
Time taken: 2.224 seconds
hive> load data local inpath 'home/cloudera/Empinfo' into table emp;
FAILED: SemanticException Line 1:23 Invalid path ''home/cloudera/Empinfo'': No files matching path file:/home/cloudera/home/cloudera/Empinfo
hive> load data local inpath '/home/cloudera/Empinfo' into table emp;
Loading data to table default.emp
Table default.emp stats: [numFiles=1, totalSize=61]
OK
Time taken: 0.623 seconds
hive> select * from emp
    > ;
OK
100	mike	5000.0
101	john	10000.0
102	henry	15000.0
103	smith	20000.0
Time taken: 0.7 seconds, Fetched: 4 row(s)
hive> select * from emp where empsal > 5000
    > ;
OK
101	john	10000.0
102	henry	15000.0
103	smith	20000.0
Time taken: 0.321 seconds, Fetched: 3 row(s)
hive> desc emp;
OK
empid               	int                 	                    
empname             	string              	                    
empsal              	float               	                    
Time taken: 0.091 seconds, Fetched: 3 row(s)
hive> select count(*) from emp;
Query ID = cloudera_20180121121919_6338e123-5b03-4892-88d3-ebecce5c4644
Total jobs = 1
Launching Job 1 out of 1
Number of reduce tasks determined at compile time: 1
In order to change the average load for a reducer (in bytes):
  set hive.exec.reducers.bytes.per.reducer=<number>
In order to limit the maximum number of reducers:
  set hive.exec.reducers.max=<number>
In order to set a constant number of reducers:
  set mapreduce.job.reduces=<number>
Starting Job = job_1516563730194_0001, Tracking URL = http://quickstart.cloudera:8088/proxy/application_1516563730194_0001/
Kill Command = /usr/lib/hadoop/bin/hadoop job  -kill job_1516563730194_0001
Hadoop job information for Stage-1: number of mappers: 1; number of reducers: 1
2018-01-21 12:19:59,416 Stage-1 map = 0%,  reduce = 0%
2018-01-21 12:20:11,737 Stage-1 map = 100%,  reduce = 0%, Cumulative CPU 1.29 sec
2018-01-21 12:20:25,884 Stage-1 map = 100%,  reduce = 100%, Cumulative CPU 2.86 sec
MapReduce Total cumulative CPU time: 2 seconds 860 msec
Ended Job = job_1516563730194_0001
MapReduce Jobs Launched: 
Stage-Stage-1: Map: 1  Reduce: 1   Cumulative CPU: 2.86 sec   HDFS Read: 6821 HDFS Write: 2 SUCCESS
Total MapReduce CPU Time Spent: 2 seconds 860 msec
OK
4
Time taken: 42.571 seconds, Fetched: 1 row(s)
hive> select empid,empsal from emp where empname ='john';
OK
101	10000.0
Time taken: 0.134 seconds, Fetched: 1 row(s)
hive> select * from emp where empsal > 20000
    > ;
OK
Time taken: 0.069 seconds
hive> drop table emp;
OK
Time taken: 0.548 seconds
hive> select * from emp;
FAILED: SemanticException [Error 10001]: Line 1:14 Table not found 'emp'
hive> 
    > 
    > select * from emp;
FAILED: SemanticException [Error 10001]: Line 1:14 Table not found 'emp'
hive> create external table student(stuid int,stuname string,stumarks int)
    > row format delimited
    > fields terminated by '\t';
OK
Time taken: 0.067 seconds
hive> desc student;
OK
stuid               	int                 	                    
stuname             	string              	                    
stumarks            	int                 	                    
Time taken: 0.092 seconds, Fetched: 3 row(s)
hive> load data local inpath '/home/cloudera/stdentinfo' into table student;
FAILED: SemanticException Line 1:23 Invalid path ''/home/cloudera/stdentinfo'': No files matching path file:/home/cloudera/stdentinfo
hive> load data local inpath '/home/cloudera/studentinfo' into table student;
Loading data to table default.student
Table default.student stats: [numFiles=3, numRows=0, totalSize=192, rawDataSize=0]
OK
Time taken: 0.349 seconds
hive> select * from student;
OK
NULL	NULL	NULL
NULL	NULL	NULL
NULL	NULL	NULL
NULL	NULL	NULL
NULL	NULL	NULL
10	Albert	48
11	Bevin	64
12	Charles	95
13	David	72
14	Elliot	56
10	Albert	48
11	Bevin	64
12	Charles	95
13	David	72
14	Elliot	56
Time taken: 0.059 seconds, Fetched: 15 row(s)
hive> select * from student where stuname ='Bevin';
OK
11	Bevin	64
11	Bevin	64
Time taken: 0.068 seconds, Fetched: 2 row(s)
hive> drop table student;
OK
Time taken: 0.087 seconds
hive> select * from student;
FAILED: SemanticException [Error 10001]: Line 1:14 Table not found 'student'
hive> 
    > create external table item(itemid int,itemname string,itemprice int)
    > row format delimited
    > fields terminated by '\t'
    > location '/goods/things/articles';
OK
Time taken: 0.053 seconds
hive> load data local inpath '/home/cloudera/item' overwrite into table item;
Loading data to table default.item
Table default.item stats: [numFiles=1, numRows=0, totalSize=64, rawDataSize=0]
OK
Time taken: 0.228 seconds
hive> desc item;
OK
itemid              	int                 	                    
itemname            	string              	                    
itemprice           	int                 	                    
Time taken: 0.078 seconds, Fetched: 3 row(s)
hive> select * from item where itemprice > 50
    > ;
OK
10001	ponds	60
10004	pepsi	90
Time taken: 0.127 seconds, Fetched: 2 row(s)
hive> drop table item;
OK
Time taken: 0.101 seconds
hive> select * from item;

[cloudera@quickstart ~]$ hadoop fs -ls /user/hive/warehouse
Found 2 items
drwxrwxrwx   - cloudera supergroup          0 2018-01-21 12:13 /user/hive/warehouse/emp
drwxrwxrwx   - cloudera supergroup          0 2018-01-20 15:56 /user/hive/warehouse/student
[cloudera@quickstart ~]$ hadoop fs -rm /user/hive/warehouse/student
rm: `/user/hive/warehouse/student': Is a directory
[cloudera@quickstart ~]$ ^C
[cloudera@quickstart ~]$ hadoop fs -rm-r /user/hive/warehouse/student
-rm-r: Unknown command
[cloudera@quickstart ~]$ ^C
[cloudera@quickstart ~]$ ls -lrt
total 216
drwxrwxr-x 4 cloudera cloudera  4096 Jul 19  2017 workspace
-rwxrwxr-x 1 cloudera cloudera  4228 Jul 19  2017 parcels
drwxrwxr-x 2 cloudera cloudera  4096 Jul 19  2017 lib
-rwxrwxr-x 1 cloudera cloudera  5007 Jul 19  2017 kerberos
-rw-rw-r-- 1 cloudera cloudera 50515 Jul 19  2017 express-deployment.json
-rw-rw-r-- 1 cloudera cloudera 53655 Jul 19  2017 enterprise-deployment.json
drwxrwxr-x 4 cloudera cloudera  4096 Jul 19  2017 Documents
drwxrwxr-x 2 cloudera cloudera  4096 Jul 19  2017 Desktop
-rwxrwxr-x 1 cloudera cloudera  9964 Jul 19  2017 cm_api.py
-rwxrwxr-x 1 cloudera cloudera  5387 Jul 19  2017 cloudera-manager
drwxr-xr-x 2 cloudera cloudera  4096 Jan 13 16:57 Templates
drwxr-xr-x 2 cloudera cloudera  4096 Jan 13 16:57 Downloads
drwxr-xr-x 2 cloudera cloudera  4096 Jan 13 16:57 Videos
drwxr-xr-x 2 cloudera cloudera  4096 Jan 13 16:57 Public
drwxr-xr-x 2 cloudera cloudera  4096 Jan 13 16:57 Pictures
drwxr-xr-x 2 cloudera cloudera  4096 Jan 13 16:57 Music
drwxrwsr-x 9 cloudera cloudera  4096 Jan 14 16:08 eclipse
-rw-rw-r-- 1 cloudera cloudera    93 Jan 15 12:54 hadooptraining
drwxrwxr-x 2 cloudera cloudera  4096 Jan 15 13:12 hadoop
drwxrwxr-x 2 cloudera cloudera  4096 Jan 15 13:25 bigdata
-rw-r--r-- 1 cloudera cloudera    19 Jan 15 13:39 HdfsHello
-rw-rw-r-- 1 cloudera cloudera    64 Jan 20 16:31 item
-rw-rw-r-- 1 cloudera cloudera    61 Jan 21 12:06 Empinfo
-rw-rw-r-- 1 cloudera cloudera    64 Jan 21 12:10 studentinfo
[cloudera@quickstart ~]$ pwd
/home/cloudera
[cloudera@quickstart ~]$ hadoop fs -ls /user/warehouse/hive
ls: `/user/warehouse/hive': No such file or directory
[cloudera@quickstart ~]$ hadoop fs -ls /user/hive/house
ls: `/user/hive/house': No such file or directory
[cloudera@quickstart ~]$ hadoop fs -ls /user/hive/warehouse
Found 1 items
drwxrwxrwx   - cloudera supergroup          0 2018-01-20 15:56 /user/hive/warehouse/student
[cloudera@quickstart ~]$ 
[cloudera@quickstart ~]$ hadoop fs -mkdir /goods
mkdir: `/goods': File exists
[cloudera@quickstart ~]$ cat > item
10001	ponds	60
10002	sanyoor	50
10003	closeup	45
10004	pepsi	90
[cloudera@quickstart ~]$ hadoop fs -ls /home/cloudera/item
ls: `/home/cloudera/item': No such file or directory
[cloudera@quickstart ~]$ hadoop fs -ls /goods/things/articles
Found 1 items
-rwxr-xr-x   1 cloudera supergroup         64 2018-01-21 12:33 /goods/things/articles/item
[cloudera@quickstart ~]$ hadoop fs -cat /goods/things/articles/item
10001	ponds	60
10002	sanyoor	50
10003	closeup	45
10004	pepsi	90
